<?xml version="1.0" encoding="utf-8"?>
<TestRun id="9a72a89d-9407-4045-a79d-29338281f018" name="Uchiha Itachi@LENOVO0962 2025-07-12 10:00:38" runUser="LENOVO0962\Uchiha Itachi" xmlns="http://microsoft.com/schemas/VisualStudio/TeamTest/2010">
  <Times creation="2025-07-12T10:00:38.7811606+05:00" queuing="2025-07-12T10:00:38.7811606+05:00" start="2025-07-12T10:00:32.3863363+05:00" finish="2025-07-12T10:01:13.5622119+05:00" />
  <TestSettings name="default" id="3d815e0a-3d23-4a38-826a-16ca7370f4d2">
    <Deployment runDeploymentRoot="Uchiha_Itachi_LENOVO0962_2025-07-12_10_00_38" />
  </TestSettings>
  <Results>
    <UnitTestResult executionId="a06eacef-a7fa-4450-b9c9-959b928c5d8e" testId="e92c2124-7c7a-8df7-4f9a-7932fd5139b2" testName="LoginWithInvalidCredentials_TC002" computerName="LENOVO0962" duration="00:00:05.8940961" startTime="2025-07-12T10:00:38.7601055+05:00" endTime="2025-07-12T10:00:44.6658041+05:00" testType="13cdc9d9-ddb5-4fa4-a97d-d965ccfc6d4b" outcome="Passed" testListId="8c84fa94-04c1-424b-9868-57a2d4851a1d" relativeResultsDirectory="a06eacef-a7fa-4450-b9c9-959b928c5d8e" />
    <UnitTestResult executionId="29b2b893-269a-4a31-ae26-418b4b32b0dc" testId="f33473f2-e678-1063-be6e-6387112c1f53" testName="BookHotel_TC005 (Data Row 0)" computerName="LENOVO0962" duration="00:00:09.4245394" startTime="2025-07-12T10:01:03.6553329+05:00" endTime="2025-07-12T10:01:13.3296020+05:00" testType="13cdc9d9-ddb5-4fa4-a97d-d965ccfc6d4b" outcome="Passed" testListId="8c84fa94-04c1-424b-9868-57a2d4851a1d" relativeResultsDirectory="29b2b893-269a-4a31-ae26-418b4b32b0dc" />
    <UnitTestResult executionId="e995c627-3ccc-4a6c-b8c4-53965e1d74e3" testId="cdda12e7-9750-7e45-ea35-af4b79199be1" testName="SearchHotel_TC003" computerName="LENOVO0962" duration="00:00:09.0119316" startTime="2025-07-12T10:00:44.6658041+05:00" endTime="2025-07-12T10:00:53.6834758+05:00" testType="13cdc9d9-ddb5-4fa4-a97d-d965ccfc6d4b" outcome="Passed" testListId="8c84fa94-04c1-424b-9868-57a2d4851a1d" relativeResultsDirectory="e995c627-3ccc-4a6c-b8c4-53965e1d74e3" />
    <UnitTestResult executionId="3cdc9933-46a0-4e9a-8351-ef1868c691a0" testId="8f659f83-ac67-2583-5be6-133812a1ebbf" testName="SelectHotel_TC004" computerName="LENOVO0962" duration="00:00:09.9704318" startTime="2025-07-12T10:00:53.6834758+05:00" endTime="2025-07-12T10:01:03.6553329+05:00" testType="13cdc9d9-ddb5-4fa4-a97d-d965ccfc6d4b" outcome="Passed" testListId="8c84fa94-04c1-424b-9868-57a2d4851a1d" relativeResultsDirectory="3cdc9933-46a0-4e9a-8351-ef1868c691a0" />
    <UnitTestResult executionId="ef0cac95-1b75-4f9c-910d-1f4d49eb76d7" testId="ec47e835-f858-f022-9a13-52d7b1898641" testName="LoginWithValidCredentials_TC001" computerName="LENOVO0962" duration="00:00:05.9818400" startTime="2025-07-12T10:00:32.7050428+05:00" endTime="2025-07-12T10:00:38.7440359+05:00" testType="13cdc9d9-ddb5-4fa4-a97d-d965ccfc6d4b" outcome="Passed" testListId="8c84fa94-04c1-424b-9868-57a2d4851a1d" relativeResultsDirectory="ef0cac95-1b75-4f9c-910d-1f4d49eb76d7" />
  </Results>
  <TestDefinitions>
    <UnitTest name="SelectHotel_TC004" storage="c:\users\muham\source\repos\automationseleniumtesting\bin\debug\automationseleniumtesting.dll" id="8f659f83-ac67-2583-5be6-133812a1ebbf">
      <Execution id="3cdc9933-46a0-4e9a-8351-ef1868c691a0" />
      <TestMethod codeBase="C:\Users\muham\source\repos\AutomationSeleniumTesting\bin\Debug\AutomationSeleniumTesting.dll" adapterTypeName="executor://mstestadapter/v2" className="AutomationSeleniumTesting.TestExecution" name="SelectHotel_TC004" />
    </UnitTest>
    <UnitTest name="LoginWithValidCredentials_TC001" storage="c:\users\muham\source\repos\automationseleniumtesting\bin\debug\automationseleniumtesting.dll" id="ec47e835-f858-f022-9a13-52d7b1898641">
      <Execution id="ef0cac95-1b75-4f9c-910d-1f4d49eb76d7" />
      <TestMethod codeBase="C:\Users\muham\source\repos\AutomationSeleniumTesting\bin\Debug\AutomationSeleniumTesting.dll" adapterTypeName="executor://mstestadapter/v2" className="AutomationSeleniumTesting.TestExecution" name="LoginWithValidCredentials_TC001" />
    </UnitTest>
    <UnitTest name="SearchHotel_TC003" storage="c:\users\muham\source\repos\automationseleniumtesting\bin\debug\automationseleniumtesting.dll" id="cdda12e7-9750-7e45-ea35-af4b79199be1">
      <Execution id="e995c627-3ccc-4a6c-b8c4-53965e1d74e3" />
      <TestMethod codeBase="C:\Users\muham\source\repos\AutomationSeleniumTesting\bin\Debug\AutomationSeleniumTesting.dll" adapterTypeName="executor://mstestadapter/v2" className="AutomationSeleniumTesting.TestExecution" name="SearchHotel_TC003" />
    </UnitTest>
    <UnitTest name="BookHotel_TC005" storage="c:\users\muham\source\repos\automationseleniumtesting\bin\debug\automationseleniumtesting.dll" id="f33473f2-e678-1063-be6e-6387112c1f53">
      <TestCategory>
        <TestCategoryItem TestCategory="BookHotel" />
      </TestCategory>
      <Execution id="29b2b893-269a-4a31-ae26-418b4b32b0dc" />
      <TestMethod codeBase="C:\Users\muham\source\repos\AutomationSeleniumTesting\bin\Debug\AutomationSeleniumTesting.dll" adapterTypeName="executor://mstestadapter/v2" className="AutomationSeleniumTesting.TestExecution" name="BookHotel_TC005" />
    </UnitTest>
    <UnitTest name="LoginWithInvalidCredentials_TC002" storage="c:\users\muham\source\repos\automationseleniumtesting\bin\debug\automationseleniumtesting.dll" id="e92c2124-7c7a-8df7-4f9a-7932fd5139b2">
      <Execution id="a06eacef-a7fa-4450-b9c9-959b928c5d8e" />
      <TestMethod codeBase="C:\Users\muham\source\repos\AutomationSeleniumTesting\bin\Debug\AutomationSeleniumTesting.dll" adapterTypeName="executor://mstestadapter/v2" className="AutomationSeleniumTesting.TestExecution" name="LoginWithInvalidCredentials_TC002" />
    </UnitTest>
  </TestDefinitions>
  <TestEntries>
    <TestEntry testId="e92c2124-7c7a-8df7-4f9a-7932fd5139b2" executionId="a06eacef-a7fa-4450-b9c9-959b928c5d8e" testListId="8c84fa94-04c1-424b-9868-57a2d4851a1d" />
    <TestEntry testId="f33473f2-e678-1063-be6e-6387112c1f53" executionId="29b2b893-269a-4a31-ae26-418b4b32b0dc" testListId="8c84fa94-04c1-424b-9868-57a2d4851a1d" />
    <TestEntry testId="cdda12e7-9750-7e45-ea35-af4b79199be1" executionId="e995c627-3ccc-4a6c-b8c4-53965e1d74e3" testListId="8c84fa94-04c1-424b-9868-57a2d4851a1d" />
    <TestEntry testId="8f659f83-ac67-2583-5be6-133812a1ebbf" executionId="3cdc9933-46a0-4e9a-8351-ef1868c691a0" testListId="8c84fa94-04c1-424b-9868-57a2d4851a1d" />
    <TestEntry testId="ec47e835-f858-f022-9a13-52d7b1898641" executionId="ef0cac95-1b75-4f9c-910d-1f4d49eb76d7" testListId="8c84fa94-04c1-424b-9868-57a2d4851a1d" />
  </TestEntries>
  <TestLists>
    <TestList name="Results Not in a List" id="8c84fa94-04c1-424b-9868-57a2d4851a1d" />
    <TestList name="All Loaded Results" id="19431567-8539-422a-85d7-44ee4e166bda" />
  </TestLists>
  <ResultSummary outcome="Completed">
    <Counters total="5" executed="5" passed="5" failed="0" error="0" timeout="0" aborted="0" inconclusive="0" passedButRunAborted="0" notRunnable="0" notExecuted="0" disconnected="0" warning="0" completed="0" inProgress="0" pending="0" />
  </ResultSummary>
</TestRun>